08:47[0m
[0;32mI (342) cpu_start: ELF file SHA256:  efd4f1492da3a0d4...ï¿½rev:     v0.99 [0m
[0;32mI (362) cpu_start: Chip rev:         v0.1[0m
[0;32mI (367) heap_init: Initializing. RAM available for dynamic allocation:[0m
[0;32mI (374) heap_init: At 3FC9EF48 len 0004Aï¿½ESP-ROM:esp32s3-20210327
Build:Mar 27 2021
rst:0x1 (POWERON),boot:0x29 (SPI_FAST_FLASH_BOOT)
SPIWP:0xee
mode:DIO, clock div:1
load:0x3fce3818,len:0x1750
load:0x403c9700,len:0x4
load:0x403c9704,len:0xc00
load:0x403cc700,len:0x2e04
entry 0x403c9908
[0;32mI (27) boot: ESP-IDF v5.1.2 2nd stage bootloader[0m
[0;32mI (27) boot: compile time Apr 22 2024 19:08:52[0m
[0;32mI (27) boot: Multicore bootloader[0m
[0;32mI (30) boot: chip revision: v0.1[0m
[0;32mI (34) boot.esp32s3: Boot SPI Speed : 80MHz[0m
[0;32mI (39) boot.esp32s3: SPI Mode       : DIO[0m
[0;32mI (43) boot.esp32s3: SPI Flash Size : 8MB[0m
[0;32mI (48) boot: Enabling RNG early entropy source...[0m
[0;32mI (53) boot: Partition Table:[0m
[0;32mI (57) boot: ## Label            Usage          Type ST Offset   Length[0m
[0;32mI (64) boot:  0 nvs              WiFi data        01 02 00009000 00004000[0m
[0;32mI (72) boot:  1 otadata          OTA data         01 00 0000d000 00002000[0m
[0;32mI (79) boot:  2 phy_init         RF data          01 01 0000f000 00001000[0m
[0;32mI (87) boot:  3 factory          factory app      00 00 00010000 00200000[0m
[0;32mI (94) boot:  4 ota_0            OTA app          00 10 00210000 00100000[0m
[0;32mI (102) boot:  5 ota_1            OTA app          00 11 00310000 00100000[0m
[0;32mI (109) boot:  6 nvs_key          NVS keys         01 04 00410000 00001000[0m
[0;32mI (117) boot: End of partition table[0m
[0;32mI (121) boot: Defaulting to factory image[0m
[0;32mI (126) esp_image: segment 0: paddr=00010020 vaddr=3c090020 size=2286ch (141420) map[0m
[0;32mI (160) esp_image: segment 1: paddr=00032894 vaddr=3fc97000 size=044f8h ( 17656) load[0m
[0;32mI (164) esp_image: segment 2: paddr=00036d94 vaddr=40374000 size=09284h ( 37508) load[0m
[0;32mI (174) esp_image: segment 3: paddr=00040020 vaddr=42000020 size=8b224h (569892) map[0m
[0;32mI (276) esp_image: segment 4: paddr=000cb24c vaddr=4037d284 size=09d44h ( 40260) load[0m
[0;32mI (294) boot: Loaded app from partition at offset 0x10000[0m
[0;32mI (294) boot: Disabling RNG early entropy source...[0m
[0;32mI (305) cpu_start: Multicore app[0m
[0;32mI (305) cpu_start: Pro cpu up.[0m
[0;32mI (306) cpu_start: Starting app cpu, entry point is 0x403754b8[0m
[0;32mI (0) cpu_start: App cpu up.[0m
[0;32mI (324) cpu_start: Pro cpu start user code[0m
[0;32mI (324) cpu_start: cpu freq: 160000000 Hz[0m
[0;32mI (324) cpu_start: Application information:[0m
[0;32mI (327) cpu_start: Project name:     main[0m
[0;32mI (331) cpu_start: App version:      1[0m
[0;32mI (336) cpu_start: Compile time:     Apr 22 2024 19:08:47[0m
[0;32mI (342) cpu_start: ELF file SHA256:  efd4f1492da3a0d4...[0m
[0;32mI (348) cpu_start: ESP-IDF:          v5.1.2[0m
[0;32mI (353) cpu_start: Min chip rev:     v0.0[0m
[0;32mI (357) cpu_start: Max chip rev:     v0.99 [0m
[0;32mI (362) cpu_start: Chip rev:         v0.1[0m
[0;32mI (367) heap_init: Initializing. RAM available for dynamic allocation:[0m
[0;32mI (374) heap_init: At 3FC9EF48 len 0004A7C8 (297 KiB): DRAM[0m
[0;32mI (380) heap_init: At 3FCE9710 len 00005724 (21 KiB): STACK/DRAM[0m
[0;32mI (387) heap_init: At 3FCF0000 len 00008000 (32 KiB): DRAM[0m
[0;32mI (393) heap_init: At 600FE010 len 00001FD8 (7 KiB): RTCRAM[0m
[0;32mI (401) spi_flash: detected chip: gd[0m
[0;32mI (404) spi_flash: flash io: dio[0m
[0;32mI (408) sleep: Configure to isolate all GPIO pins in sleep state[0m
[0;32mI (415) sleep: Enable automatic switching of GPIO sleep configuration[0m
[0;32mI (422) app_start: Starting scheduler on CPU0[0m
[0;32mI (427) app_start: Starting scheduler on CPU1[0m
[0;32mI (427) main_task: Started on CPU0[0m
[0;32mI (437) main_task: Calling app_main()[0m
[0;32mI (437) Main: Generated 4-digit Password: 1956[0m
[0;32mI (447) gpio: GPIO[2]| InputEn: 0| OutputEn: 1| OpenDrain: 0| Pullup: 0| Pulldown: 0| Intr:0 [0m
[0;32mI (457) gpio: GPIO[3]| InputEn: 0| OutputEn: 1| OpenDrain: 0| Pullup: 0| Pulldown: 0| Intr:0 [0m
[0;32mI (467) gpio: GPIO[4]| InputEn: 0| OutputEn: 1| OpenDrain: 0| Pullup: 0| Pulldown: 0| Intr:0 [0m
[0;32mI (477) gpio: GPIO[5]| InputEn: 0| OutputEn: 1| OpenDrain: 0| Pullup: 0| Pulldown: 0| Intr:0 [0m
[0;32mI (487) gpio: GPIO[47]| InputEn: 0| OutputEn: 1| OpenDrain: 0| Pullup: 0| Pulldown: 0| Intr:0 [0m
[0;32mI (487) gpio: GPIO[48]| InputEn: 0| OutputEn: 1| OpenDrain: 0| Pullup: 0| Pulldown: 0| Intr:0 [0m
[0;32mI (497) gpio: GPIO[26]| InputEn: 0| OutputEn: 1| OpenDrain: 0| Pullup: 0| Pulldown: 0| Intr:0 [0m
[0;32mI (507) gpio: GPIO[21]| InputEn: 0| OutputEn: 1| OpenDrain: 0| Pullup: 0| Pulldown: 0| Intr:0 [0m
[0;32mI (537) Main: ESP_WIFI_MODE_STA[0m
[0;32mI (547) pp: pp rom version: e7ae62f[0m
[0;32mI (547) net80211: net80211 rom version: e7ae62f[0m
I (557) wifi:wifi driver task: 3fca9168, prio:23, stack:6656, core=0
I (567) wifi:wifi firmware version: 91b9630
I (567) wifi:wifi certification version: v7.0
I (567) wifi:config NVS flash: enabled
I (567) wifi:config nano formating: disabled
I (567) wifi:Init data frame dynamic rx buffer num: 32
I (577) wifi:Init static rx mgmt buffer num: 5
I (577) wifi:Init management short buffer num: 32
I (587) wifi:Init dynamic tx buffer num: 32
I (587) wifi:Init static tx FG buffer num: 2
I (587) wifi:Init static rx buffer size: 1600
I (597) wifi:Init static rx buffer num: 10
I (597) wifi:Init dynamic rx buffer num: 32
[0;32mI (607) wifi_init: rx ba win: 6[0m
[0;32mI (607) wifi_init: tcpip mbox: 32[0m
[0;32mI (607) wifi_init: udp mbox: 6[0m
[0;32mI (617) wifi_init: tcp mbox: 6[0m
[0;32mI (617) wifi_init: tcp tx win: 5744[0m
[0;32mI (627) wifi_init: tcp rx win: 5744[0m
[0;32mI (627) wifi_init: tcp mss: 1440[0m
[0;32mI (627) wifi_init: WiFi IRAM OP enabled[0m
[0;32mI (637) wifi_init: WiFi RX IRAM OP enabled[0m
[0;32mI (647) phy_init: phy_version 620,ec7ec30,Sep  5 2023,13:49:13[0m
I (687) wifi:mode : sta (f4:12:fa:9f:fc:80)
I (687) wifi:enable tsf
[0;32mI (687) Main: wifi_init_sta finished.[0m
I (697) wifi:new:<11,0>, old:<1,0>, ap:<255,255>, sta:<11,0>, prof:1
I (697) wifi:state: init -> auth (b0)
I (697) wifi:state: auth -> assoc (0)
I (707) wifi:state: assoc -> run (10)
I (727) wifi:connected with SpectrumSetup-B2, aid = 18, channel 11, BW20, bssid = b0:fc:88:39:7c:b8
I (727) wifi:security: WPA2-PSK, phy: bgn, rssi: -63
I (727) wifi:pm start, type: 1

I (727) wifi:set rx beacon pti, rx_bcn_pti: 0, bcn_timeout: 25000, mt_pti: 0, mt_time: 10000
I (747) wifi:<ba-add>idx:0 (ifx:0, b0:fc:88:39:7c:b8), tid:6, ssn:1, winSize:64
I (787) wifi:AP's beacon interval = 102400 us, DTIM period = 2
[0;32mI (1737) esp_netif_handlers: sta ip: 192.168.1.47, mask: 255.255.255.0, gw: 192.168.1.1[0m
[0;32mI (1737) Main: got ip:192.168.1.47[0m
[0;32mI (1737) Main: connected to ap SSID:SpectrumSetup-B2 password:quickflower066[0m
[0;32mI (1747) gpio: GPIO[38]| InputEn: 1| OutputEn: 1| OpenDrain: 1| Pullup: 1| Pulldown: 0| Intr:0 [0m
[0;32mI (1757) OneWire: Onewire set-up complete[0m
[0;32mI (1757) Main: 1111[0m
[0;32mI (1767) Main: 7777777[0m
I (17897) wifi:<ba-add>idx:1 (ifx:0, b0:fc:88:39:7c:b8), tid:0, ssn:1, winSize:64
[0;32mI (18507) Main: LED should be on[0m
[0;32mI (18917) Main: Sending the password: 1956[0m
